Mach Virtual Memory Statistics: (page size of 16384 bytes)
    free   active   specul inactive throttle    wired  prgable   faults     copy    0fill reactive   purged file-backed anonymous cmprssed cmprssor  dcomprs   comprs  pageins  pageout  swapins swapouts
  173113   611094    26960   591016        0   181237    12806   13118M  830744K 6805412K  329381K 45910664      440141    788929  1369291   456810  336152K  427846K  176479K  2285120  4480296  5810441 
  169723   618980    27041   591060        0   176624    12642     9639      514     3512        0        0      442589    794492  1369013   456726      279        0     2351        0        0        0 
  162860   623095    27653   594744        0   175148    13192    15085      707     5530       20        0      446691    798801  1368910   456685       96        0     4058        0        0        0 
  139186   634418    27659   605176        0   177089    12744    26751      471    22290        0       72      448801    818452  1368895   456675       16        0     2087        0        0        0 
  128814   637657    27915   608216        0   180884    12581    14362      546    10153        0        0      451771    822017  1368829   456647       66        0     2931        0        0        0 
  103578   654808    27924   617433        0   179672    11533    30558       67    27761        0     1032      454031    846134  1368821   456645        8        0     2256        0        0        0 
   71743   668466    27866   639540        0   175827    12218    41673      269    33545        0        0      453203    882669  1368805   456640       16        0     5575        0        0        0 
   67498   670488    27959   641730        0   175827    12208    11218      679     5599        0        0      455060    885117  1368728   456625       52        0     1831        0        0        0 
   65548   672780    27968   643994        0   173266    12208     3853      267      807        0        0      456398    888344  1368726   456624        2        0     1328        0        0        0 
   52478   672650    27902   649773        0   180694    11511    23394      308    17904        1        0      454729    895596  1368723   456624        3        0     4629        0        0        0 
   47929   678468    27913   649761        0   179545    11678     7430       79     7387        0        0      456052    900090  1368437   456492      286        0     1312        0        0        0 
   46842   681396    27997   652470        0   174984    12218     4073      269      991        0        0      457434    904429  1368431   456487        3        0     1360        0        0        0 
   45529   682013    28008   653147        0   175003    12218     4353      172     1994        0        0      458713    904455  1368426   456487        5        0     1280        0        0        0 
   43397   683051    28017   654217        0   175010    12218     4564      268     2913        0        0      458766    906519  1368423   456484        3        0       48        0        0        0 
   41906   680931    28024   651987        0   180773    11663     3517      286     3574        0        0      458773    902169  1368421   456484        2        0       29        0        0        0 
   41379   680696    28028   651756        0   181796    11663     2475      300     2415        0        0      458777    901703  1368388   456452       33        0        0        0        0        0 
   44905   682231    28029   653323        0   175187    12063      244        6      159        0        0      458770    904813  1368379   456446        9        0        0        0        0        0 
   45553   677807    28032   657010        0   175179    12063     5638      496     2749      133        0      458781    904068  1368374   456443        5        0       24        0        0        0 
   45495   679599    28035   656771        0   173962    12053     1944       41      549        0        0      458783    905622  1367888   456254      486        0        7        0        0        0 
  160925   624699    27842   596499        0   173975    12053    18406      597    12637        0        0      456130    792910  1367877   456253       11        0     2593        0        0        0 
