   Compiling proc-macro2 v1.0.106
   Compiling unicode-ident v1.0.24
   Compiling quote v1.0.45
   Compiling libc v0.2.185
   Compiling serde_core v1.0.228
   Compiling cfg-if v1.0.4
   Compiling serde v1.0.228
   Compiling memchr v2.8.0
   Compiling itoa v1.0.18
   Compiling pin-project-lite v0.2.17
   Compiling smallvec v1.15.1
   Compiling once_cell v1.21.4
   Compiling parking_lot_core v0.9.12
   Compiling scopeguard v1.2.0
   Compiling log v0.4.29
   Compiling lock_api v0.4.14
   Compiling autocfg v1.5.0
   Compiling tracing-core v0.1.36
   Compiling find-msvc-tools v0.1.9
   Compiling shlex v1.3.0
   Compiling getrandom v0.4.2
   Compiling rand_core v0.10.1
   Compiling futures-core v0.3.32
   Compiling fnv v1.0.7
   Compiling num-traits v0.2.19
   Compiling equivalent v1.0.2
   Compiling typenum v1.20.0
   Compiling futures-io v0.3.32
   Compiling zmij v1.0.21
   Compiling futures-sink v0.3.32
   Compiling hashbrown v0.17.0
   Compiling slab v0.4.12
   Compiling thiserror v2.0.18
   Compiling serde_json v1.0.149
   Compiling futures-task v0.3.32
   Compiling either v1.15.0
   Compiling anyhow v1.0.102
   Compiling core-foundation-sys v0.8.7
   Compiling httparse v1.10.1
   Compiling hybrid-array v0.4.10
   Compiling powerfmt v0.2.0
   Compiling syn v2.0.117
   Compiling num-conv v0.2.1
   Compiling base64 v0.22.1
   Compiling time-core v0.1.8
   Compiling ryu v1.0.23
   Compiling time-macros v0.2.27
   Compiling percent-encoding v2.3.2
   Compiling stable_deref_trait v1.2.1
   Compiling atomic-waker v1.1.2
   Compiling errno v0.3.14
   Compiling socket2 v0.6.3
   Compiling signal-hook-registry v1.4.8
   Compiling jobserver v0.1.34
   Compiling parking_lot v0.12.5
   Compiling mio v1.2.0
   Compiling cc v1.2.60
   Compiling getrandom v0.2.17
   Compiling tower-service v0.3.3
   Compiling crypto-common v0.2.1
   Compiling untrusted v0.9.0
   Compiling try-lock v0.2.5
   Compiling dunce v1.0.5
   Compiling fs_extra v1.3.0
   Compiling indexmap v2.14.0
   Compiling bitflags v2.11.1
   Compiling uuid v1.23.1
   Compiling num-integer v0.1.46
   Compiling deranged v0.5.8
   Compiling cmake v0.1.58
   Compiling want v0.3.1
   Compiling futures-channel v0.3.32
   Compiling system-configuration-sys v0.6.0
   Compiling crossbeam-utils v0.8.21
   Compiling httpdate v1.0.3
   Compiling cmov v0.5.3
   Compiling core-foundation v0.9.4
   Compiling aws-lc-rs v1.16.3
   Compiling sync_wrapper v1.0.2
   Compiling ipnet v2.12.0
   Compiling ctutils v0.4.2
   Compiling version_check v0.9.5
   Compiling ring v0.17.14
   Compiling aws-lc-sys v0.40.0
   Compiling tower-layer v0.3.3
   Compiling form_urlencoded v1.2.2
   Compiling block-buffer v0.12.0
   Compiling subtle v2.6.1
   Compiling system-configuration v0.7.0
   Compiling rustls v0.23.38
   Compiling security-framework-sys v2.17.0
   Compiling core-foundation v0.10.1
   Compiling pkg-config v0.3.33
   Compiling time v0.3.47
   Compiling generic-array v0.14.7
   Compiling cpufeatures v0.3.0
   Compiling litemap v0.8.2
   Compiling const-oid v0.10.2
   Compiling zerocopy v0.8.48
   Compiling writeable v0.6.3
   Compiling security-framework v3.7.0
   Compiling digest v0.11.2
   Compiling icu_properties_data v2.2.0
   Compiling zstd-sys v2.0.16+zstd.1.5.7
   Compiling utf8_iter v1.0.4
   Compiling icu_normalizer_data v2.2.0
   Compiling cpufeatures v0.2.17
   Compiling sha2 v0.11.0
   Compiling synstructure v0.13.2
   Compiling hmac v0.13.0
   Compiling crossbeam-epoch v0.9.18
   Compiling rayon-core v1.13.0
   Compiling block-buffer v0.10.4
   Compiling crypto-common v0.1.7
   Compiling digest v0.10.7
   Compiling crossbeam-deque v0.8.6
   Compiling shared-local-state v0.1.4
   Compiling crc32fast v1.5.0
   Compiling zstd-safe v6.0.6
   Compiling ebr v0.2.13
   Compiling crossbeam-channel v0.5.15
   Compiling crossbeam-queue v0.3.12
   Compiling rmp v0.8.15
   Compiling rand v0.4.6
   Compiling vsimd v0.8.0
   Compiling fastrand v2.4.1
   Compiling remove_dir_all v0.5.3
   Compiling serde_derive v1.0.228
   Compiling tracing-attributes v0.1.31
   Compiling tokio-macros v2.7.0
   Compiling thiserror-impl v2.0.18
   Compiling futures-macro v0.3.32
   Compiling zeroize_derive v1.4.3
   Compiling zerofrom-derive v0.1.7
   Compiling yoke-derive v0.8.2
   Compiling zerovec-derive v0.11.3
   Compiling zeroize v1.8.2
   Compiling futures-util v0.3.32
   Compiling rustls-pki-types v1.14.0
   Compiling tracing v0.1.44
   Compiling displaydoc v0.2.5
   Compiling zerofrom v0.1.7
   Compiling rustls-native-certs v0.8.3
   Compiling webpki-roots v1.0.7
   Compiling async-trait v0.1.89
   Compiling foldhash v0.1.5
   Compiling outref v0.5.2
   Compiling iri-string v0.7.12
   Compiling hashbrown v0.15.5
   Compiling base64-simd v0.8.0
   Compiling ppv-lite86 v0.2.21
   Compiling yoke v0.8.2
   Compiling rayon v1.12.0
   Compiling tempdir v0.3.7
   Compiling cache-advisor v1.0.16
   Compiling serde_path_to_error v0.1.20
   Compiling fs2 v0.4.3
   Compiling pin-utils v0.1.0
   Compiling fault-injection v1.0.10
   Compiling pagetable v0.4.6
   Compiling zerovec v0.11.6
   Compiling zerotrie v0.2.4
   Compiling strsim v0.11.1
   Compiling getrandom v0.3.4
   Compiling rand_core v0.6.4
   Compiling bytes v1.11.1
   Compiling copperdb-util v0.1.0 (/Users/timothysweet/src/copperDB/crates/util)
   Compiling stack-map v1.0.5
   Compiling serde_urlencoded v0.7.1
   Compiling concurrent-map v5.0.37
   Compiling bincode v1.3.3
   Compiling rmp-serde v1.3.1
   Compiling ucd-trie v0.1.7
   Compiling tinystr v0.8.3
   Compiling tokio v1.52.1
   Compiling http v1.4.0
   Compiling icu_locale_core v2.2.0
   Compiling potential_utf v0.1.5
   Compiling http v0.2.12
   Compiling bytes-utils v0.1.4
   Compiling inline-array v0.1.15
   Compiling icu_collections v2.2.0
   Compiling crunchy v0.2.4
   Compiling thiserror v1.0.69
   Compiling mime v0.3.17
   Compiling pest v2.8.6
   Compiling http-body v1.0.1
   Compiling http-body-util v0.1.3
   Compiling http-body v0.4.6
   Compiling icu_provider v2.2.0
   Compiling rand_chacha v0.3.1
   Compiling thiserror-impl v1.0.69
   Compiling aws-smithy-runtime-api-macros v1.0.0
   Compiling num-bigint v0.4.6
   Compiling icu_properties v2.2.0
   Compiling icu_normalizer v2.2.0
   Compiling iana-time-zone v0.1.65
   Compiling regex-syntax v0.8.10
   Compiling chrono v0.4.44
   Compiling rand v0.8.6
   Compiling rand_core v0.9.5
   Compiling sha2 v0.10.9
   Compiling sha1 v0.10.6
   Compiling idna_adapter v1.2.1
   Compiling simple_asn1 v0.6.4
   Compiling pem v3.0.6
   Compiling idna v1.1.0
   Compiling winnow v1.0.1
   Compiling url v2.5.8
   Compiling signature v2.2.0
   Compiling ident_case v1.0.1
   Compiling jsonwebtoken v10.3.0
   Compiling rand_chacha v0.9.0
   Compiling darling_core v0.23.0
   Compiling encoding_rs v0.8.35
   Compiling bytemuck v1.25.0
   Compiling rustls v0.21.12
   Compiling rand v0.9.4
   Compiling rustls-webpki v0.101.7
   Compiling sct v0.7.1
   Compiling matrixmultiply v0.3.10
   Compiling aho-corasick v1.1.4
   Compiling heck v0.5.0
   Compiling paste v1.0.15
   Compiling data-encoding v2.10.0
   Compiling rustc-hash v2.1.2
   Compiling tokio-util v0.7.18
   Compiling aws-smithy-async v1.2.14
   Compiling rustix v1.1.4
   Compiling tungstenite v0.29.0
   Compiling regex-automata v0.4.14
   Compiling h2 v0.4.13
   Compiling tower v0.5.3
   Compiling aws-smithy-types v1.4.7
   Compiling h2 v0.3.27
   Compiling darling_macro v0.23.0
   Compiling safe_arch v0.7.4
   Compiling aws-smithy-runtime-api v1.12.0
   Compiling darling v0.23.0
   Compiling tower-http v0.6.8
   Compiling num-complex v0.4.6
   Compiling socket2 v0.5.10
   Compiling rawpointer v0.2.1
   Compiling hex v0.4.3
   Compiling semver v1.0.28
   Compiling tokio-rustls v0.24.1
   Compiling rustc_version v0.4.1
   Compiling wide v0.7.33
   Compiling tokio-tungstenite v0.29.0
   Compiling axum-core v0.5.6
   Compiling concurrent-queue v2.5.0
   Compiling hyper v1.9.0
   Compiling approx v0.5.1
   Compiling hyper v0.14.32
   Compiling inout v0.2.2
   Compiling parking v2.2.1
   Compiling typeid v1.0.3
   Compiling matchit v0.8.4
   Compiling event-listener v5.4.1
   Compiling simba v0.9.1
   Compiling hyper-util v0.1.20
   Compiling aws-smithy-http v0.63.6
   Compiling aws-credential-types v1.2.14
   Compiling aws-types v1.3.15
   Compiling askama_parser v0.15.6
   Compiling toml_parser v1.1.2+spec-1.1.0
   Compiling dashmap v7.0.0-rc2
   Compiling nalgebra-macros v0.3.0
   Compiling num-rational v0.4.2
   Compiling itertools v0.14.0
   Compiling toml_datetime v1.1.1+spec-1.1.0
   Compiling axum v0.8.9
   Compiling tiny-keccak v2.0.2
   Compiling toml_edit v0.25.11+spec-1.1.0
   Compiling async-graphql-value v8.0.0-rc.4
   Compiling event-listener-strategy v0.5.4
   Compiling cipher v0.5.1
   Compiling tempfile v3.27.0
   Compiling aws-smithy-observability v0.2.6
   Compiling regex v1.12.3
   Compiling tokio-stream v0.1.18
   Compiling hyper-rustls v0.24.2
   Compiling strum_macros v0.28.0
   Compiling multer v3.1.0
   Compiling universal-hash v0.6.1
   Compiling erased-serde v0.4.10
   Compiling async-graphql-parser v8.0.0-rc.4
   Compiling proc-macro-crate v3.5.0
   Compiling askama_derive v0.15.6
   Compiling async-channel v2.5.0
   Compiling aws-sigv4 v1.4.3
   Compiling ndarray v0.17.2
   Compiling nalgebra v0.34.2
   Compiling copperdb-cypher v0.1.0 (/Users/timothysweet/src/copperDB/crates/cypher)
   Compiling piper v0.2.5
   Compiling strum v0.28.0
   Compiling futures-lite v2.6.1
   Compiling async-task v4.7.1
   Compiling utf8parse v0.2.2
   Compiling spin v0.9.8
   Compiling zstd-safe v7.2.4
   Compiling byteorder v1.5.0
   Compiling cpubits v0.1.0
   Compiling rustversion v1.0.22
   Compiling blocking v1.6.2
   Compiling const-random-macro v0.1.16
   Compiling anstyle-parse v1.0.0
   Compiling copperdb-filter v0.1.0 (/Users/timothysweet/src/copperDB/crates/filter)
   Compiling copperdb-cache v0.1.0 (/Users/timothysweet/src/copperDB/crates/cache)
   Compiling zstd v0.12.4
   Compiling async-graphql-derive v8.0.0-rc.4
   Compiling aws-smithy-json v0.62.5
   Compiling ownedbytes v0.9.0
   Compiling sled v1.0.0-alpha.124
   Compiling asynk-strim v0.1.5
   Compiling anstyle v1.0.14
   Compiling is_terminal_polyfill v1.70.2
   Compiling askama_macros v0.15.6
   Compiling colorchoice v1.0.5
   Compiling regex-lite v0.1.9
   Compiling static_assertions_next v1.1.2
   Compiling anstyle-query v1.1.5
   Compiling prettyplease v0.2.37
   Compiling anstream v1.0.0
   Compiling tantivy-common v0.11.0
   Compiling askama v0.15.6
   Compiling const-random v0.1.18
   Compiling polyval v0.7.1
   Compiling aead v0.6.0-rc.10
   Compiling bitpacking v0.9.3
   Compiling pest_meta v2.8.6
   Compiling lazy_static v1.5.0
   Compiling copperdb-storage v0.1.0 (/Users/timothysweet/src/copperDB/crates/storage)
   Compiling clap_lex v1.1.0
   Compiling utf8-ranges v1.0.5
   Compiling clap_builder v4.6.0
   Compiling tantivy-fst v0.5.0
   Compiling copperdb-eval v0.1.0 (/Users/timothysweet/src/copperDB/crates/eval)
   Compiling dlv-list v0.5.2
   Compiling pest_generator v2.8.6
   Compiling sharded-slab v0.1.7
   Compiling tantivy-bitpacker v0.10.0
   Compiling ghash v0.6.0
   Compiling zstd v0.13.3
   Compiling aes v0.9.0
   Compiling poly1305 v0.9.0-rc.6
   Compiling prost-derive v0.14.3
   Compiling copperdb-math v0.1.0 (/Users/timothysweet/src/copperDB/crates/math)
   Compiling chacha20 v0.10.0
   Compiling ctr v0.10.0
   Compiling matchers v0.2.0
   Compiling clap_derive v4.6.1
   Compiling pin-project-internal v1.1.11
   Compiling tracing-log v0.2.0
   Compiling thread_local v1.1.9
   Compiling nu-ansi-term v0.50.3
   Compiling murmurhash32 v0.3.1
   Compiling urlencoding v2.1.3
   Compiling typetag v0.2.21
   Compiling fixedbitset v0.5.7
   Compiling base64ct v1.8.3
   Compiling hashbrown v0.14.5
   Compiling minimal-lexical v0.2.1
   Compiling xmlparser v0.13.6
   Compiling allocator-api2 v0.2.21
   Compiling foldhash v0.2.0
   Compiling ordered-multimap v0.7.3
   Compiling aws-smithy-xml v0.60.15
   Compiling pin-project v1.1.11
   Compiling hashbrown v0.16.1
   Compiling nom v7.1.3
   Compiling phc v0.6.1
   Compiling prost v0.14.3
   Compiling petgraph v0.8.3
   Compiling tracing-subscriber v0.3.23
   Compiling clap v4.6.1
   Compiling aws-smithy-query v0.60.15
   Compiling tantivy-stacker v0.7.0
   Compiling bon-macros v3.9.1
   Compiling aes-gcm v0.11.0-rc.3
   Compiling chacha20poly1305 v0.11.0-rc.3
   Compiling tantivy-sstable v0.7.0
   Compiling pest_derive v2.8.6
   Compiling copperdb-retention v0.1.0 (/Users/timothysweet/src/copperDB/crates/retention)
   Compiling hyper-timeout v0.5.2
   Compiling hashlink v0.10.0
   Compiling typetag-impl v0.2.21
   Compiling ordered-float v5.3.0
   Compiling async-graphql v8.0.0-rc.4
   Compiling serde_spanned v1.1.1
   Compiling libloading v0.9.0
   Compiling arraydeque v0.5.1
   Compiling unicode-segmentation v1.13.2
   Compiling toml_writer v1.1.1+spec-1.1.0
   Compiling inventory v0.3.24
   Compiling fastdivide v0.4.2
   Compiling downcast-rs v2.0.2
   Compiling toml v1.1.2+spec-1.1.0
   Compiling tantivy-columnar v0.7.0
   Compiling convert_case v0.6.0
   Compiling yaml-rust2 v0.10.4
   Compiling copperdb-indexing v0.1.0 (/Users/timothysweet/src/copperDB/crates/indexing)
   Compiling tantivy-query-grammar v0.26.0
   Compiling json5 v0.4.1
   Compiling tonic v0.14.5
   Compiling prost-types v0.14.3
   Compiling copperdb-encryption v0.1.0 (/Users/timothysweet/src/copperDB/crates/encryption)
   Compiling lru v0.16.4
   Compiling password-hash v0.6.1
   Compiling rust-ini v0.21.3
   Compiling arc-swap v1.9.1
   Compiling serde-untagged v0.1.9
   Compiling ron v0.12.1
   Compiling fs4 v0.13.1
   Compiling wide v1.3.0
   Compiling rust-stemmers v1.2.0
   Compiling tantivy-tokenizer-api v0.7.0
   Compiling sketches-ddsketch v0.4.0
   Compiling blake2 v0.11.0-rc.6
   Compiling memmap2 v0.9.10
   Compiling measure_time v0.9.0
   Compiling levenshtein_automata v0.2.1
   Compiling census v0.4.2
   Compiling datasketches v0.2.0
   Compiling htmlescape v0.3.1
   Compiling oneshot v0.1.13
   Compiling pathdiff v0.2.3
   Compiling lz4_flex v0.13.0
   Compiling unsafe-libyaml v0.2.11
   Compiling config v0.15.22
   Compiling argon2 v0.6.0-rc.8
   Compiling bon v3.9.1
   Compiling serde_yaml v0.9.34+deprecated
   Compiling copperdb-localllm v0.1.0 (/Users/timothysweet/src/copperDB/crates/localllm)
   Compiling copperdb-simd v0.1.0 (/Users/timothysweet/src/copperDB/crates/simd)
   Compiling tantivy v0.26.0
   Compiling copperdb-embeddingutil v0.1.0 (/Users/timothysweet/src/copperDB/crates/embeddingutil)
   Compiling copperdb-decay v0.1.0 (/Users/timothysweet/src/copperDB/crates/decay)
   Compiling copperdb-replication v0.1.0 (/Users/timothysweet/src/copperDB/crates/replication)
   Compiling copperdb-vectorspace v0.1.0 (/Users/timothysweet/src/copperDB/crates/vectorspace)
   Compiling copperdb-gpu v0.1.0 (/Users/timothysweet/src/copperDB/crates/gpu)
   Compiling copperdb-qdrantgrpc v0.1.0 (/Users/timothysweet/src/copperDB/crates/qdrantgrpc)
   Compiling copperdb-linkpredict v0.1.0 (/Users/timothysweet/src/copperDB/crates/linkpredict)
   Compiling copperdb-temporal v0.1.0 (/Users/timothysweet/src/copperDB/crates/temporal)
   Compiling copperdb-config v0.1.0 (/Users/timothysweet/src/copperDB/crates/config)
   Compiling copperdb-txsession v0.1.0 (/Users/timothysweet/src/copperDB/crates/txsession)
   Compiling copperdb-pool v0.1.0 (/Users/timothysweet/src/copperDB/crates/pool)
   Compiling copperdb-convert v0.1.0 (/Users/timothysweet/src/copperDB/crates/convert)
   Compiling async-graphql-axum v8.0.0-rc.4
   Compiling copperdb-textchunk v0.1.0 (/Users/timothysweet/src/copperDB/crates/textchunk)
   Compiling copperdb-buildinfo v0.1.0 (/Users/timothysweet/src/copperDB/crates/buildinfo)
   Compiling copperdb-fabric v0.1.0 (/Users/timothysweet/src/copperDB/crates/fabric)
   Compiling copperdb-envutil v0.1.0 (/Users/timothysweet/src/copperDB/crates/envutil)
   Compiling copperdb-search v0.1.0 (/Users/timothysweet/src/copperDB/crates/search)
   Compiling rustls-webpki v0.103.12
   Compiling tokio-rustls v0.26.4
   Compiling rustls-platform-verifier v0.6.2
   Compiling hyper-rustls v0.27.9
   Compiling reqwest v0.12.28
   Compiling aws-smithy-http-client v1.1.12
   Compiling reqwest v0.13.2
   Compiling oauth2 v5.0.0
   Compiling copperdb-embed v0.1.0 (/Users/timothysweet/src/copperDB/crates/embed)
   Compiling copperdb-inference v0.1.0 (/Users/timothysweet/src/copperDB/crates/inference)
   Compiling aws-smithy-runtime v1.11.1
   Compiling copperdb-auth v0.1.0 (/Users/timothysweet/src/copperDB/crates/auth)
   Compiling copperdb-bolt v0.1.0 (/Users/timothysweet/src/copperDB/crates/bolt)
   Compiling copperdb-graphql v0.1.0 (/Users/timothysweet/src/copperDB/crates/graphql)
   Compiling copperdb-audit v0.1.0 (/Users/timothysweet/src/copperDB/crates/audit)
   Compiling copperdb-multidb v0.1.0 (/Users/timothysweet/src/copperDB/crates/multidb)
   Compiling copperdb-nornicgrpc v0.1.0 (/Users/timothysweet/src/copperDB/crates/nornicgrpc)
   Compiling copperdb-mcp v0.1.0 (/Users/timothysweet/src/copperDB/crates/mcp)
   Compiling copperdb-security v0.1.0 (/Users/timothysweet/src/copperDB/crates/security)
   Compiling copperdb-compliance v0.1.0 (/Users/timothysweet/src/copperDB/crates/compliance)
   Compiling copperdb-server v0.1.0 (/Users/timothysweet/src/copperDB/crates/server)
   Compiling copperdb-heimdall v0.1.0 (/Users/timothysweet/src/copperDB/crates/heimdall)
   Compiling copperdb v0.1.0 (/Users/timothysweet/src/copperDB/crates/copperdb)
   Compiling aws-runtime v1.7.3
   Compiling aws-sdk-sts v1.103.0
   Compiling aws-sdk-sso v1.98.0
   Compiling aws-sdk-ssooidc v1.100.0
   Compiling aws-sdk-kms v1.105.0
   Compiling aws-config v1.8.16
   Compiling copperdb-kms v0.1.0 (/Users/timothysweet/src/copperDB/crates/kms)
    Finished `dev` profile [unoptimized + debuginfo] target(s) in 39.79s
