Mach Virtual Memory Statistics: (page size of 16384 bytes)
    free   active   specul inactive throttle    wired  prgable   faults     copy    0fill reactive   purged file-backed anonymous cmprssed cmprssor  dcomprs   comprs  pageins  pageout  swapins swapouts
  167271   668499    25940   675887        0   184730     1149   12354M  790971K 6422033K  322165K 43971425      374894    995432  1137977   317850  332160K  422034K  169057K  2235620  4454059  5792390 
  159275   673627    28652   676986        0   183735     1116    30369     1333    11526        0        0      377631   1001634  1137971   317848        6        0     1727        0        0        0 
  131496   700232    28711   676984        0   184917     1065    36992     1018    30125        0        0      380211   1025716  1137960   317840       11        0     2537        0        0        0 
  122995   711354    28970   680610        0   178420     1063    15429      362     8417        0        0      383318   1037616  1137959   317840        1        0     3073        0        0        0 
   96572   722952    28919   695004        0   178864     2643    37300      264    27386        0        0      382457   1064418  1137958   317840        1        0     5540        0        0        0 
   67856   738241    28922   708357        0   178850     2637    31046       30    28670        0        0      384828   1090692  1137958   317840        0        0     2368        0        0        0 
   64609   741976    28993   712033        0   174701     3178     4106       28     2326        0        0      386243   1096759  1137958   317840        0        0     1392        0        0        0 
   47631   753817    28998   717074        0   174706     3166    24121      417    18643        0        0      387599   1112290  1137946   317837       12        0     1362        0        0        0 
   41301   750392    28948   724038        0   177636     3374    17400      248     9302        0        0      386010   1117368  1137946   317837        0        0     4699        0        0        0 
   37311   757157    29016   724042        0   174699     3374     6784      273     3433        0        0      387430   1122785  1137946   317837        0        0     1400        0        0        0 
   35924   754134    29012   728499        0   174713     3370     3658      160      896       27        0      388803   1122842  1137946   317837        0        0     1387        0        0        0 
   33729   756306    29022   728498        0   174723     3364     4532      261     2440        0        0      389215   1124611  1137946   317837        0        0      408        0        0        0 
   33624   756383    29027   728497        0   174723     3364     2356      148     1510        0        0      389220   1124687  1137946   317837        0        0       10        0        0        0 
   33108   754952    29030   727046        0   178239     3108     5324      469     2300        0        0      389223   1121805  1137946   317837        0        0       29        0        0        0 
   33053   756259    29045   727031        0   176933     3118      254        8      153        0        0      389228   1123107  1137946   317837        0        0        0        0        0        0 
   32999   757958    29047   727692        0   174576     3255     2209      245      723        0       64      389230   1125467  1137946   317837        0        0        0        0        0        0 
   33029   757537    29049   727738        0   175015     3387      304        8      191        0        0      389232   1125092  1137946   317837        0        0        0        0        0        0 
  153144   685364    28860   680145        0   174774     3407    13244      739     6695        0        0      386578   1007791  1137946   317837        0        0     2601        0        0        0 
